******************************************************************************
                  TI ARM Linker PC v18.12.2                    
******************************************************************************
>> Linked Sat Mar  8 23:04:53 2025

OUTPUT FILE NAME:   <Teste1.out>
ENTRY POINT SYMBOL: "_c_int00_noargs"  address: 0000077d


MEMORY CONFIGURATION

         name            origin    length      used     unused   attr    fill
----------------------  --------  ---------  --------  --------  ----  --------
  FLASH                 00000000   00040000  000008a4  0003f75c  R  X
  SRAM                  20000000   00008000  0000020e  00007df2  RW X


SEGMENT ALLOCATION MAP

run origin  load origin   length   init length attrs members
----------  ----------- ---------- ----------- ----- -------
00000000    00000000    000008a8   000008a8    r-x
  00000000    00000000    0000026c   0000026c    r-- .intvecs
  0000026c    0000026c    00000608   00000608    r-x .text
  00000878    00000878    00000030   00000030    r-- .cinit
20000000    20000000    0000020e   00000000    rw-
  20000000    20000000    00000200   00000000    rw- .stack
  20000200    20000200    00000008   00000000    rw- .data
  20000208    20000208    00000006   00000000    rw- .bss


SECTION ALLOCATION MAP

 output                                  attributes/
section   page    origin      length       input sections
--------  ----  ----------  ----------   ----------------
.intvecs   0    00000000    0000026c     
                  00000000    0000026c     startup_ccs.obj (.intvecs)

.text      0    0000026c    00000608     
                  0000026c    0000016c     driverlib.lib : gpio.obj (.text:GPIOPadConfigSet)
                  000003d8    00000100     blinky.obj (.text:main)
                  000004d8    000000f0     blinky.obj (.text:control_Led)
                  000005c8    0000009c     rtsv7M4_T_le_v4SPD16_eabi.lib : memcpy_t2.asm.obj (.text)
                  00000664    00000068                                   : copy_decompress_lzss.c.obj (.text:decompress:lzss:__TI_decompress_lzss)
                  000006cc    00000044                                   : autoinit.c.obj (.text:__TI_auto_init_nobinit_nopinit:__TI_auto_init_nobinit_nopinit)
                  00000710    00000038     driverlib.lib : sysctl.obj (.text:SysCtlPeripheralReady)
                  00000748    00000034                   : sysctl.obj (.text:SysCtlPeripheralEnable)
                  0000077c    00000034     rtsv7M4_T_le_v4SPD16_eabi.lib : boot_cortex_m.c.obj (.text:_c_int00_noargs:_c_int00_noargs)
                  000007b0    0000002c     driverlib.lib : gpio.obj (.text:GPIODirModeSet)
                  000007dc    0000001c     rtsv7M4_T_le_v4SPD16_eabi.lib : copy_zero_init.c.obj (.text:decompress:ZI:__TI_zero_init_nomemset:__TI_zero_init_nomemset)
                  000007f8    0000001a     driverlib.lib : gpio.obj (.text:GPIOPinTypeGPIOOutput)
                  00000812    00000002     startup_ccs.obj (.text:FaultISR)
                  00000814    00000018     driverlib.lib : gpio.obj (.text:GPIOUnlockPin)
                  0000082c    00000016                   : gpio.obj (.text:GPIOPinTypeGPIOInput)
                  00000842    0000000e     rtsv7M4_T_le_v4SPD16_eabi.lib : copy_decompress_none.c.obj (.text:decompress:none:__TI_decompress_none)
                  00000850    00000006     driverlib.lib : gpio.obj (.text:GPIOPinRead)
                  00000856    00000006                   : gpio.obj (.text:GPIOPinWrite)
                  0000085c    00000006     startup_ccs.obj (.text:ResetISR)
                  00000862    00000006     driverlib.lib : sysctl.obj (.text:SysCtlDelay)
                  00000868    00000004     rtsv7M4_T_le_v4SPD16_eabi.lib : pre_init.c.obj (.text:_system_pre_init)
                  0000086c    00000004                                   : exit.c.obj (.text:abort:abort)
                  00000870    00000002     startup_ccs.obj (.text:IntDefaultHandler)
                  00000872    00000002     startup_ccs.obj (.text:NmiSR)

.cinit     0    00000878    00000030     
                  00000878    0000000c     (__TI_handler_table)
                  00000884    0000000b     (.cinit..data.load) [load image, compression = lzss]
                  0000088f    00000001     --HOLE-- [fill = 0]
                  00000890    00000008     (.cinit..bss.load) [load image, compression = zero_init]
                  00000898    00000010     (__TI_cinit_table)

.init_array 
*          0    00000000    00000000     UNINITIALIZED

.data      0    20000200    00000008     UNINITIALIZED
                  20000200    00000008     blinky.obj (.data)

.bss       0    20000208    00000006     UNINITIALIZED
                  20000208    00000004     (.common:i)
                  2000020c    00000001     (.common:sw1)
                  2000020d    00000001     (.common:sw2)

.stack     0    20000000    00000200     UNINITIALIZED
                  20000000    00000004     rtsv7M4_T_le_v4SPD16_eabi.lib : boot_cortex_m.c.obj (.stack)
                  20000004    000001fc     --HOLE--

.binit     0    00000000    00000000     

MODULE SUMMARY

       Module                       code   ro data   rw data
       ------                       ----   -------   -------
    .\
       startup_ccs.obj              12     620       0      
       blinky.obj                   496    0         14     
    +--+----------------------------+------+---------+---------+
       Total:                       508    620       14     
                                                            
    C:/ti/TivaWare_C_Series-2.2.0.295/driverlib/ccs/Debug/driverlib.lib
       gpio.obj                     492    0         0      
       sysctl.obj                   114    0         0      
    +--+----------------------------+------+---------+---------+
       Total:                       606    0         0      
                                                            
    C:\ti\ccs2010\ccs\tools\compiler\ti-cgt-arm_18.12.2.LTS\lib\rtsv7M4_T_le_v4SPD16_eabi.lib
       memcpy_t2.asm.obj            156    0         0      
       copy_decompress_lzss.c.obj   104    0         0      
       autoinit.c.obj               68     0         0      
       boot_cortex_m.c.obj          52     0         0      
       copy_zero_init.c.obj         28     0         0      
       copy_decompress_none.c.obj   14     0         0      
       exit.c.obj                   4      0         0      
       pre_init.c.obj               4      0         0      
    +--+----------------------------+------+---------+---------+
       Total:                       430    0         0      
                                                            
       Stack:                       0      0         512    
       Linker Generated:            0      47        0      
    +--+----------------------------+------+---------+---------+
       Grand Total:                 1544   667       526    


LINKER GENERATED COPY TABLES

__TI_cinit_table @ 00000898 records: 2, size/record: 8, table size: 16
	.data: load addr=00000884, load size=0000000b bytes, run addr=20000200, run size=00000008 bytes, compression=lzss
	.bss: load addr=00000890, load size=00000008 bytes, run addr=20000208, run size=00000006 bytes, compression=zero_init


LINKER GENERATED HANDLER TABLE

__TI_handler_table @ 00000878 records: 3, size/record: 4, table size: 12
	index: 0, handler: __TI_decompress_lzss
	index: 1, handler: __TI_decompress_none
	index: 2, handler: __TI_zero_init


GLOBAL SYMBOLS: SORTED ALPHABETICALLY BY Name 

address   name                          
-------   ----                          
0000086d  C$$EXIT                       
000007b1  GPIODirModeSet                
0000026d  GPIOPadConfigSet              
00000851  GPIOPinRead                   
0000082d  GPIOPinTypeGPIOInput          
000007f9  GPIOPinTypeGPIOOutput         
00000857  GPIOPinWrite                  
00000815  GPIOUnlockPin                 
0000085d  ResetISR                      
00000863  SysCtlDelay                   
00000749  SysCtlPeripheralEnable        
00000711  SysCtlPeripheralReady         
20000200  __STACK_END                   
00000200  __STACK_SIZE                  
20000200  __STACK_TOP                   
00000898  __TI_CINIT_Base               
000008a8  __TI_CINIT_Limit              
00000878  __TI_Handler_Table_Base       
00000884  __TI_Handler_Table_Limit      
000006cd  __TI_auto_init_nobinit_nopinit
00000665  __TI_decompress_lzss          
00000843  __TI_decompress_none          
ffffffff  __TI_pprof_out_hndl           
ffffffff  __TI_prof_data_size           
ffffffff  __TI_prof_data_start          
00000000  __TI_static_base__            
000007dd  __TI_zero_init_nomemset       
000005c9  __aeabi_memcpy                
000005c9  __aeabi_memcpy4               
000005c9  __aeabi_memcpy8               
ffffffff  __binit__                     
ffffffff  __c_args__                    
UNDEFED   __mpu_init                    
20000000  __stack                       
0000077d  _c_int00_noargs               
UNDEFED   _system_post_cinit            
00000869  _system_pre_init              
0000086d  abort                         
ffffffff  binit                         
000004d9  control_Led                   
20000202  counter                       
00000000  g_pfnVectors                  
20000208  i                             
20000204  j                             
000003d9  main                          
000005c9  memcpy                        
2000020c  sw1                           
20000200  sw1_flag                      
2000020d  sw2                           
20000201  sw2_flag                      


GLOBAL SYMBOLS: SORTED BY Symbol Address 

address   name                          
-------   ----                          
00000000  __TI_static_base__            
00000000  g_pfnVectors                  
00000200  __STACK_SIZE                  
0000026d  GPIOPadConfigSet              
000003d9  main                          
000004d9  control_Led                   
000005c9  __aeabi_memcpy                
000005c9  __aeabi_memcpy4               
000005c9  __aeabi_memcpy8               
000005c9  memcpy                        
00000665  __TI_decompress_lzss          
000006cd  __TI_auto_init_nobinit_nopinit
00000711  SysCtlPeripheralReady         
00000749  SysCtlPeripheralEnable        
0000077d  _c_int00_noargs               
000007b1  GPIODirModeSet                
000007dd  __TI_zero_init_nomemset       
000007f9  GPIOPinTypeGPIOOutput         
00000815  GPIOUnlockPin                 
0000082d  GPIOPinTypeGPIOInput          
00000843  __TI_decompress_none          
00000851  GPIOPinRead                   
00000857  GPIOPinWrite                  
0000085d  ResetISR                      
00000863  SysCtlDelay                   
00000869  _system_pre_init              
0000086d  C$$EXIT                       
0000086d  abort                         
00000878  __TI_Handler_Table_Base       
00000884  __TI_Handler_Table_Limit      
00000898  __TI_CINIT_Base               
000008a8  __TI_CINIT_Limit              
20000000  __stack                       
20000200  __STACK_END                   
20000200  __STACK_TOP                   
20000200  sw1_flag                      
20000201  sw2_flag                      
20000202  counter                       
20000204  j                             
20000208  i                             
2000020c  sw1                           
2000020d  sw2                           
ffffffff  __TI_pprof_out_hndl           
ffffffff  __TI_prof_data_size           
ffffffff  __TI_prof_data_start          
ffffffff  __binit__                     
ffffffff  __c_args__                    
ffffffff  binit                         
UNDEFED   __mpu_init                    
UNDEFED   _system_post_cinit            

[50 symbols]
