******************************************************************************
                  TI ARM Linker PC v18.12.2                    
******************************************************************************
>> Linked Thu May 15 20:41:23 2025

OUTPUT FILE NAME:   <terminalBuild.out>
ENTRY POINT SYMBOL: "_c_int00_noargs"  address: 00000ccd


MEMORY CONFIGURATION

         name            origin    length      used     unused   attr    fill
----------------------  --------  ---------  --------  --------  ----  --------
  FLASH                 00000000   00040000  00000d98  0003f268  R  X
  SRAM                  20000000   00008000  00000221  00007ddf  RW X


SEGMENT ALLOCATION MAP

run origin  load origin   length   init length attrs members
----------  ----------- ---------- ----------- ----- -------
00000000    00000000    00000d9c   00000d9c    r-x
  00000000    00000000    0000026c   0000026c    r-- .intvecs
  0000026c    0000026c    00000ae0   00000ae0    r-x .text
  00000d4c    00000d4c    00000018   00000018    r-- .const
  00000d68    00000d68    00000034   00000034    r-- .cinit
20000000    20000000    00000221   00000000    rw-
  20000000    20000000    00000200   00000000    rw- .stack
  20000200    20000200    00000021   00000000    rw- .data


SECTION ALLOCATION MAP

 output                                  attributes/
section   page    origin      length       input sections
--------  ----  ----------  ----------   ----------------
.intvecs   0    00000000    0000026c     
                  00000000    0000026c     tm4c123gh6pm_startup_ccs.obj (.intvecs)

.text      0    0000026c    00000ae0     
                  0000026c    0000043c     TEDS.obj (.text)
                  000006a8    00000358     uartstdio.obj (.text)
                  00000a00    0000009c     rtsv7M4_T_le_v4SPD16_eabi.lib : memcpy_t2.asm.obj (.text)
                  00000a9c    0000007c     eeprom.obj (.text)
                  00000b18    00000068     rtsv7M4_T_le_v4SPD16_eabi.lib : copy_decompress_lzss.c.obj (.text:decompress:lzss:__TI_decompress_lzss)
                  00000b80    00000050     driverlib.lib : sysctl.obj (.text:SysCtlPeripheralReset)
                  00000bd0    00000044     rtsv7M4_T_le_v4SPD16_eabi.lib : autoinit.c.obj (.text:__TI_auto_init_nobinit_nopinit:__TI_auto_init_nobinit_nopinit)
                  00000c14    00000040     driverlib.lib : eeprom.obj (.text:EEPROMInit)
                  00000c54    00000040     rtsv7M4_T_le_v4SPD16_eabi.lib : u_divt2.asm.obj (.text)
                  00000c94    00000038     driverlib.lib : sysctl.obj (.text:SysCtlPeripheralReady)
                  00000ccc    00000034     rtsv7M4_T_le_v4SPD16_eabi.lib : boot_cortex_m.c.obj (.text:_c_int00_noargs:_c_int00_noargs)
                  00000d00    00000012     main.obj (.text)
                  00000d12    00000002     rtsv7M4_T_le_v4SPD16_eabi.lib : div0.asm.obj (.text)
                  00000d14    00000010     driverlib.lib : eeprom.obj (.text:_EEPROMWaitForDone)
                  00000d24    0000000e     rtsv7M4_T_le_v4SPD16_eabi.lib : copy_decompress_none.c.obj (.text:decompress:none:__TI_decompress_none)
                  00000d32    0000000c     tm4c123gh6pm_startup_ccs.obj (.text)
                  00000d3e    00000006     driverlib.lib : sysctl.obj (.text:SysCtlDelay)
                  00000d44    00000004     rtsv7M4_T_le_v4SPD16_eabi.lib : pre_init.c.obj (.text:_system_pre_init)
                  00000d48    00000004                                   : exit.c.obj (.text:abort:abort)

.const     0    00000d4c    00000018     
                  00000d4c    0000000c     uartstdio.obj (.const:g_ui32UARTBase)
                  00000d58    0000000c     uartstdio.obj (.const:g_ui32UARTPeriph)

.cinit     0    00000d68    00000034     
                  00000d68    00000022     (.cinit..data.load) [load image, compression = lzss]
                  00000d8a    00000002     --HOLE-- [fill = 0]
                  00000d8c    00000008     (__TI_handler_table)
                  00000d94    00000008     (__TI_cinit_table)

.init_array 
*          0    00000000    00000000     UNINITIALIZED

.data      0    20000200    00000021     UNINITIALIZED
                  20000200    00000012     TEDS.obj (.data:uuid)
                  20000212    00000007     TEDS.obj (.data:metatedsID)
                  20000219    00000003     --HOLE--
                  2000021c    00000005     uartstdio.obj (.data)

.stack     0    20000000    00000200     UNINITIALIZED
                  20000000    00000004     rtsv7M4_T_le_v4SPD16_eabi.lib : boot_cortex_m.c.obj (.stack)
                  20000004    000001fc     --HOLE--

MODULE SUMMARY

       Module                         code   ro data   rw data
       ------                         ----   -------   -------
    .\
       TEDS.obj                       1084   0         25     
       tm4c123gh6pm_startup_ccs.obj   12     620       0      
       eeprom.obj                     124    0         0      
       main.obj                       18     0         0      
    +--+------------------------------+------+---------+---------+
       Total:                         1238   620       25     
                                                              
    .\utils\
       uartstdio.obj                  856    24        5      
    +--+------------------------------+------+---------+---------+
       Total:                         856    24        5      
                                                              
    ../Debug 1/driverlib.lib
       sysctl.obj                     142    0         0      
       eeprom.obj                     80     0         0      
    +--+------------------------------+------+---------+---------+
       Total:                         222    0         0      
                                                              
    C:\ti\ccs2011\ccs\tools\compiler\ti-cgt-arm_18.12.2.LTS\lib\rtsv7M4_T_le_v4SPD16_eabi.lib
       memcpy_t2.asm.obj              156    0         0      
       copy_decompress_lzss.c.obj     104    0         0      
       autoinit.c.obj                 68     0         0      
       u_divt2.asm.obj                64     0         0      
       boot_cortex_m.c.obj            52     0         0      
       copy_decompress_none.c.obj     14     0         0      
       exit.c.obj                     4      0         0      
       pre_init.c.obj                 4      0         0      
       div0.asm.obj                   2      0         0      
    +--+------------------------------+------+---------+---------+
       Total:                         468    0         0      
                                                              
       Stack:                         0      0         512    
       Linker Generated:              0      50        0      
    +--+------------------------------+------+---------+---------+
       Grand Total:                   2784   694       542    


LINKER GENERATED COPY TABLES

__TI_cinit_table @ 00000d94 records: 1, size/record: 8, table size: 8
	.data: load addr=00000d68, load size=00000022 bytes, run addr=20000200, run size=00000021 bytes, compression=lzss


LINKER GENERATED HANDLER TABLE

__TI_handler_table @ 00000d8c records: 2, size/record: 4, table size: 8
	index: 0, handler: __TI_decompress_lzss
	index: 1, handler: __TI_decompress_none


GLOBAL SYMBOLS: SORTED ALPHABETICALLY BY Name 

address   name                          
-------   ----                          
00000d49  C$$EXIT                       
00000a9d  EEPROM                        
00000c15  EEPROMInit                    
00000d33  ResetISR                      
00000d3f  SysCtlDelay                   
00000c95  SysCtlPeripheralReady         
00000b81  SysCtlPeripheralReset         
00000975  UARTStdioConfig               
0000095d  UARTgetc                      
000008d9  UARTgets                      
000008bf  UARTprintf                    
000006f1  UARTvprintf                   
000006a9  UARTwrite                     
0000026d  Uart_configuration            
20000200  __STACK_END                   
00000200  __STACK_SIZE                  
20000200  __STACK_TOP                   
00000d94  __TI_CINIT_Base               
00000d9c  __TI_CINIT_Limit              
00000d8c  __TI_Handler_Table_Base       
00000d94  __TI_Handler_Table_Limit      
00000bd1  __TI_auto_init_nobinit_nopinit
00000b19  __TI_decompress_lzss          
00000d25  __TI_decompress_none          
ffffffff  __TI_pprof_out_hndl           
ffffffff  __TI_prof_data_size           
ffffffff  __TI_prof_data_start          
00000000  __TI_static_base__            
00000d13  __aeabi_idiv0                 
00000d13  __aeabi_ldiv0                 
00000a01  __aeabi_memcpy                
00000a01  __aeabi_memcpy4               
00000a01  __aeabi_memcpy8               
00000c55  __aeabi_uidiv                 
00000c55  __aeabi_uidivmod              
ffffffff  __binit__                     
ffffffff  __c_args__                    
UNDEFED   __mpu_init                    
20000000  __stack                       
00000ccd  _c_int00_noargs               
UNDEFED   _system_post_cinit            
00000d45  _system_pre_init              
00000d49  abort                         
ffffffff  binit                         
00000000  g_pfnVectors                  
00000d01  main                          
00000a01  memcpy                        
20000212  metatedsID                    
000002f1  metateds_ID                   
20000200  uuid                          


GLOBAL SYMBOLS: SORTED BY Symbol Address 

address   name                          
-------   ----                          
00000000  __TI_static_base__            
00000000  g_pfnVectors                  
00000200  __STACK_SIZE                  
0000026d  Uart_configuration            
000002f1  metateds_ID                   
000006a9  UARTwrite                     
000006f1  UARTvprintf                   
000008bf  UARTprintf                    
000008d9  UARTgets                      
0000095d  UARTgetc                      
00000975  UARTStdioConfig               
00000a01  __aeabi_memcpy                
00000a01  __aeabi_memcpy4               
00000a01  __aeabi_memcpy8               
00000a01  memcpy                        
00000a9d  EEPROM                        
00000b19  __TI_decompress_lzss          
00000b81  SysCtlPeripheralReset         
00000bd1  __TI_auto_init_nobinit_nopinit
00000c15  EEPROMInit                    
00000c55  __aeabi_uidiv                 
00000c55  __aeabi_uidivmod              
00000c95  SysCtlPeripheralReady         
00000ccd  _c_int00_noargs               
00000d01  main                          
00000d13  __aeabi_idiv0                 
00000d13  __aeabi_ldiv0                 
00000d25  __TI_decompress_none          
00000d33  ResetISR                      
00000d3f  SysCtlDelay                   
00000d45  _system_pre_init              
00000d49  C$$EXIT                       
00000d49  abort                         
00000d8c  __TI_Handler_Table_Base       
00000d94  __TI_CINIT_Base               
00000d94  __TI_Handler_Table_Limit      
00000d9c  __TI_CINIT_Limit              
20000000  __stack                       
20000200  __STACK_END                   
20000200  __STACK_TOP                   
20000200  uuid                          
20000212  metatedsID                    
ffffffff  __TI_pprof_out_hndl           
ffffffff  __TI_prof_data_size           
ffffffff  __TI_prof_data_start          
ffffffff  __binit__                     
ffffffff  __c_args__                    
ffffffff  binit                         
UNDEFED   __mpu_init                    
UNDEFED   _system_post_cinit            

[50 symbols]
